../BSP/stm32f4xx_nucleo.c:32:6:SysTick_Handler	8	static
../BSP/stm32f4xx_nucleo.c:38:6:BSP_Button_Init	40	static
../BSP/stm32f4xx_nucleo.c:57:9:BSP_Button_GetState	16	static
../BSP/stm32f4xx_nucleo.c:63:6:BSP_SysTick_ApplyConfig	16	static
../BSP/stm32f4xx_nucleo.c:70:6:BSP_Delay	24	static,ignoring_inline_asm
../BSP/stm32f4xx_nucleo.c:80:10:BSP_GetTick	4	static
../BSP/stm32f4xx_nucleo.c:85:9:BSP_TimerExpired	16	static
../BSP/stm32f4xx_nucleo.c:225:10:BSP_GetVersion	4	static
../BSP/stm32f4xx_nucleo.c:238:6:BSP_LED_Init	40	static
../BSP/stm32f4xx_nucleo.c:263:6:BSP_LED_DeInit	40	static
../BSP/stm32f4xx_nucleo.c:280:6:BSP_LED_On	16	static
../BSP/stm32f4xx_nucleo.c:291:6:BSP_LED_Off	16	static
../BSP/stm32f4xx_nucleo.c:302:6:BSP_LED_Toggle	16	static
../BSP/stm32f4xx_nucleo.c:317:6:BSP_PB_Init	40	static
../BSP/stm32f4xx_nucleo.c:354:6:BSP_PB_DeInit	40	static
../BSP/stm32f4xx_nucleo.c:369:10:BSP_PB_GetState	16	static
