../BSP/stm32f4xx_nucleo.c:168:6:SysTick_Handler	8	static
../BSP/stm32f4xx_nucleo.c:174:6:BSP_Button_Init	40	static
../BSP/stm32f4xx_nucleo.c:193:9:BSP_Button_GetState	16	static
../BSP/stm32f4xx_nucleo.c:199:6:BSP_SysTick_ApplyConfig	16	static
../BSP/stm32f4xx_nucleo.c:206:6:BSP_Delay	24	static,ignoring_inline_asm
../BSP/stm32f4xx_nucleo.c:216:10:BSP_GetTick	4	static
../BSP/stm32f4xx_nucleo.c:221:9:BSP_TimerExpired	16	static
../BSP/stm32f4xx_nucleo.c:226:10:BSP_GetVersion	4	static
../BSP/stm32f4xx_nucleo.c:239:6:BSP_LED_Init	40	static
../BSP/stm32f4xx_nucleo.c:264:6:BSP_LED_DeInit	40	static
../BSP/stm32f4xx_nucleo.c:281:6:BSP_LED_On	16	static
../BSP/stm32f4xx_nucleo.c:292:6:BSP_LED_Off	16	static
../BSP/stm32f4xx_nucleo.c:303:6:BSP_LED_Toggle	16	static
../BSP/stm32f4xx_nucleo.c:318:6:BSP_PB_Init	40	static
../BSP/stm32f4xx_nucleo.c:355:6:BSP_PB_DeInit	40	static
../BSP/stm32f4xx_nucleo.c:370:10:BSP_PB_GetState	16	static
